Archive member included to satisfy reference by file (symbol)

c:/program files (x86)/gnu tools arm embedded/5.4 2016q3/bin/../lib/gcc/arm-none-eabi/5.4.1/armv6-m\libgcc.a(_udivsi3.o)
                              ./system/src/stm32f0-stdperiph/stm32f0xx_rcc.o (__aeabi_uidiv)
c:/program files (x86)/gnu tools arm embedded/5.4 2016q3/bin/../lib/gcc/arm-none-eabi/5.4.1/armv6-m\libgcc.a(_dvmd_tls.o)
                              c:/program files (x86)/gnu tools arm embedded/5.4 2016q3/bin/../lib/gcc/arm-none-eabi/5.4.1/armv6-m\libgcc.a(_udivsi3.o) (__aeabi_idiv0)
c:/program files (x86)/gnu tools arm embedded/5.4 2016q3/bin/../lib/gcc/arm-none-eabi/5.4.1/../../../../arm-none-eabi/lib/armv6-m\libg_nano.a(lib_a-errno.o)
                              ./system/src/newlib/_sbrk.o (__errno)
c:/program files (x86)/gnu tools arm embedded/5.4 2016q3/bin/../lib/gcc/arm-none-eabi/5.4.1/../../../../arm-none-eabi/lib/armv6-m\libg_nano.a(lib_a-impure.o)
                              c:/program files (x86)/gnu tools arm embedded/5.4 2016q3/bin/../lib/gcc/arm-none-eabi/5.4.1/../../../../arm-none-eabi/lib/armv6-m\libg_nano.a(lib_a-errno.o) (_impure_ptr)
c:/program files (x86)/gnu tools arm embedded/5.4 2016q3/bin/../lib/gcc/arm-none-eabi/5.4.1/../../../../arm-none-eabi/lib/armv6-m\libg_nano.a(lib_a-strlen.o)
                              ./system/src/diag/Trace.o (strlen)
c:/program files (x86)/gnu tools arm embedded/5.4 2016q3/bin/../lib/gcc/arm-none-eabi/5.4.1/../../../../arm-none-eabi/lib/armv6-m\libg_nano.a(lib_a-vsnprintf.o)
                              ./system/src/diag/Trace.o (vsnprintf)
c:/program files (x86)/gnu tools arm embedded/5.4 2016q3/bin/../lib/gcc/arm-none-eabi/5.4.1/../../../../arm-none-eabi/lib/armv6-m\libg_nano.a(lib_a-nano-svfprintf.o)
                              c:/program files (x86)/gnu tools arm embedded/5.4 2016q3/bin/../lib/gcc/arm-none-eabi/5.4.1/../../../../arm-none-eabi/lib/armv6-m\libg_nano.a(lib_a-vsnprintf.o) (_svfprintf_r)
c:/program files (x86)/gnu tools arm embedded/5.4 2016q3/bin/../lib/gcc/arm-none-eabi/5.4.1/../../../../arm-none-eabi/lib/armv6-m\libg_nano.a(lib_a-nano-vfprintf_i.o)
                              c:/program files (x86)/gnu tools arm embedded/5.4 2016q3/bin/../lib/gcc/arm-none-eabi/5.4.1/../../../../arm-none-eabi/lib/armv6-m\libg_nano.a(lib_a-nano-svfprintf.o) (_printf_i)
c:/program files (x86)/gnu tools arm embedded/5.4 2016q3/bin/../lib/gcc/arm-none-eabi/5.4.1/../../../../arm-none-eabi/lib/armv6-m\libg_nano.a(lib_a-memchr-stub.o)
                              c:/program files (x86)/gnu tools arm embedded/5.4 2016q3/bin/../lib/gcc/arm-none-eabi/5.4.1/../../../../arm-none-eabi/lib/armv6-m\libg_nano.a(lib_a-nano-svfprintf.o) (memchr)
c:/program files (x86)/gnu tools arm embedded/5.4 2016q3/bin/../lib/gcc/arm-none-eabi/5.4.1/../../../../arm-none-eabi/lib/armv6-m\libg_nano.a(lib_a-memcpy-stub.o)
                              c:/program files (x86)/gnu tools arm embedded/5.4 2016q3/bin/../lib/gcc/arm-none-eabi/5.4.1/../../../../arm-none-eabi/lib/armv6-m\libg_nano.a(lib_a-nano-svfprintf.o) (memcpy)
c:/program files (x86)/gnu tools arm embedded/5.4 2016q3/bin/../lib/gcc/arm-none-eabi/5.4.1/../../../../arm-none-eabi/lib/armv6-m\libg_nano.a(lib_a-memmove.o)
                              c:/program files (x86)/gnu tools arm embedded/5.4 2016q3/bin/../lib/gcc/arm-none-eabi/5.4.1/../../../../arm-none-eabi/lib/armv6-m\libg_nano.a(lib_a-nano-svfprintf.o) (memmove)
c:/program files (x86)/gnu tools arm embedded/5.4 2016q3/bin/../lib/gcc/arm-none-eabi/5.4.1/../../../../arm-none-eabi/lib/armv6-m\libg_nano.a(lib_a-nano-freer.o)
                              c:/program files (x86)/gnu tools arm embedded/5.4 2016q3/bin/../lib/gcc/arm-none-eabi/5.4.1/../../../../arm-none-eabi/lib/armv6-m\libg_nano.a(lib_a-nano-svfprintf.o) (_free_r)
c:/program files (x86)/gnu tools arm embedded/5.4 2016q3/bin/../lib/gcc/arm-none-eabi/5.4.1/../../../../arm-none-eabi/lib/armv6-m\libg_nano.a(lib_a-nano-mallocr.o)
                              c:/program files (x86)/gnu tools arm embedded/5.4 2016q3/bin/../lib/gcc/arm-none-eabi/5.4.1/../../../../arm-none-eabi/lib/armv6-m\libg_nano.a(lib_a-nano-svfprintf.o) (_malloc_r)
c:/program files (x86)/gnu tools arm embedded/5.4 2016q3/bin/../lib/gcc/arm-none-eabi/5.4.1/../../../../arm-none-eabi/lib/armv6-m\libg_nano.a(lib_a-nano-reallocr.o)
                              c:/program files (x86)/gnu tools arm embedded/5.4 2016q3/bin/../lib/gcc/arm-none-eabi/5.4.1/../../../../arm-none-eabi/lib/armv6-m\libg_nano.a(lib_a-nano-svfprintf.o) (_realloc_r)
c:/program files (x86)/gnu tools arm embedded/5.4 2016q3/bin/../lib/gcc/arm-none-eabi/5.4.1/../../../../arm-none-eabi/lib/armv6-m\libg_nano.a(lib_a-sbrkr.o)
                              c:/program files (x86)/gnu tools arm embedded/5.4 2016q3/bin/../lib/gcc/arm-none-eabi/5.4.1/../../../../arm-none-eabi/lib/armv6-m\libg_nano.a(lib_a-nano-mallocr.o) (_sbrk_r)
[...]
Memory Configuration

Name             Origin             Length             Attributes
FLASH            0x08000000         0x00004000         xr
RAM              0x20000000         0x00001000         xrw
MEMORY_B1        0x60000000         0x00000000         xr
CCMRAM           0x00000000         0xffffffff
FLASHB1          0x00000000         0xffffffff
EXTMEMB0         0x00000000         0xffffffff
EXTMEMB1         0x00000000         0xffffffff
EXTMEMB2         0x00000000         0xffffffff
EXTMEMB3         0x00000000         0xffffffff
*default*        0x00000000         0xffffffff

Linker script and memory map

LOAD ./system/src/stm32f0-stdperiph/stm32f0xx_gpio.o
LOAD ./system/src/stm32f0-stdperiph/stm32f0xx_rcc.o
LOAD ./system/src/newlib/_cxx.o
LOAD ./system/src/newlib/_exit.o
LOAD ./system/src/newlib/_sbrk.o
LOAD ./system/src/newlib/_startup.o
LOAD ./system/src/newlib/_syscalls.o
LOAD ./system/src/newlib/assert.o
LOAD ./system/src/diag/Trace.o
LOAD ./system/src/diag/trace_impl.o
LOAD ./system/src/cortexm/_initialize_hardware.o
LOAD ./system/src/cortexm/_reset_hardware.o
LOAD ./system/src/cortexm/exception_handlers.o
LOAD ./system/src/cmsis/system_stm32f0xx.o
LOAD ./system/src/cmsis/vectors_stm32f0xx.o
LOAD ./src/BlinkLed.o
LOAD ./src/Timer.o
LOAD ./src/_write.o
LOAD ./src/main.o
LOAD c:/program files (x86)/gnu tools arm embedded/5.4 2016q3/bin/../lib/gcc/arm-none-eabi/5.4.1/../../../../arm-none-eabi/lib/armv6-m\libstdc++_nano.a
LOAD c:/program files (x86)/gnu tools arm embedded/5.4 2016q3/bin/../lib/gcc/arm-none-eabi/5.4.1/../../../../arm-none-eabi/lib/armv6-m\libm.a
START GROUP
LOAD c:/program files (x86)/gnu tools arm embedded/5.4 2016q3/bin/../lib/gcc/arm-none-eabi/5.4.1/armv6-m\libgcc.a
LOAD c:/program files (x86)/gnu tools arm embedded/5.4 2016q3/bin/../lib/gcc/arm-none-eabi/5.4.1/../../../../arm-none-eabi/lib/armv6-m\libg_nano.a
LOAD c:/program files (x86)/gnu tools arm embedded/5.4 2016q3/bin/../lib/gcc/arm-none-eabi/5.4.1/../../../../arm-none-eabi/lib/armv6-m\libc_nano.a
END GROUP
START GROUP
LOAD c:/program files (x86)/gnu tools arm embedded/5.4 2016q3/bin/../lib/gcc/arm-none-eabi/5.4.1/armv6-m\libgcc.a
LOAD c:/program files (x86)/gnu tools arm embedded/5.4 2016q3/bin/../lib/gcc/arm-none-eabi/5.4.1/../../../../arm-none-eabi/lib/armv6-m\libc_nano.a
END GROUP
                0x20001000                __stack = (ORIGIN (RAM) + LENGTH (RAM))
                0x20001000                _estack = __stack
                0x00000400                __Main_Stack_Size = 0x400
                [!provide]                PROVIDE (_Main_Stack_Size, __Main_Stack_Size)
                0x20000c00                __Main_Stack_Limit = (__stack - __Main_Stack_Size)
                [!provide]                PROVIDE (_Main_Stack_Limit, __Main_Stack_Limit)
                0x00000100                _Minimum_Stack_Size = 0x100
                0x20000128                PROVIDE (_Heap_Begin, _end_noinit)
                0x20000c00                PROVIDE (_Heap_Limit, (__stack - __Main_Stack_Size))

.isr_vector     0x08000000      0x230
 FILL mask 0xff
                0x08000000                __vectors_start = ABSOLUTE (.)
                0x08000000                __vectors_start__ = ABSOLUTE (.)
 *(.isr_vector)
 .isr_vector    0x08000000       0xc4 ./system/src/cmsis/vectors_stm32f0xx.o
                0x08000000                g_pfnVectors
 *(.cfmconfig)
 *(.after_vectors .after_vectors.*)
 .after_vectors
                0x080000c4      0x118 ./system/src/newlib/_startup.o
                0x080000c4                _start
 .after_vectors
                0x080001dc       0x50 ./system/src/cortexm/exception_handlers.o
                0x080001dc                Reset_Handler
                0x080001e4                NMI_Handler
                0x080001e8                HardFault_Handler
                0x08000200                HardFault_Handler_C
                0x0800021c                SVC_Handler
                0x08000220                PendSV_Handler
 .after_vectors
                0x0800022c        0x4 ./system/src/cmsis/vectors_stm32f0xx.o
                0x0800022c                TIM1_CC_IRQHandler
                0x0800022c                TSC_IRQHandler
                0x0800022c                ADC1_COMP_IRQHandler
                0x0800022c                TIM6_IRQHandler
                0x0800022c                PVD_IRQHandler
                0x0800022c                I2C1_IRQHandler
                0x0800022c                RCC_CRS_IRQHandler
                0x0800022c                SPI1_IRQHandler
                0x0800022c                TIM6_DAC_IRQHandler
                0x0800022c                USART3_4_IRQHandler
                0x0800022c                EXTI2_3_IRQHandler
                0x0800022c                ADC1_IRQHandler
                0x0800022c                I2C2_IRQHandler
                0x0800022c                USART3_6_IRQHandler
                0x0800022c                TIM17_IRQHandler
                0x0800022c                CEC_CAN_IRQHandler
                0x0800022c                RTC_IRQHandler
                0x0800022c                PVD_VDDIO2_IRQHandler
                0x0800022c                DMA1_Channel4_5_6_7_IRQHandler
                0x0800022c                TIM16_IRQHandler
                0x0800022c                TIM3_IRQHandler
                0x0800022c                RCC_IRQHandler
                0x0800022c                EXTI4_15_IRQHandler
                0x0800022c                USART3_8_IRQHandler
                0x0800022c                DMA1_Channel1_IRQHandler
                0x0800022c                Default_Handler
                0x0800022c                CEC_IRQHandler
                0x0800022c                TIM14_IRQHandler
                0x0800022c                DMA1_Channel4_5_IRQHandler
                0x0800022c                TIM7_IRQHandler
                0x0800022c                TIM15_IRQHandler
                0x0800022c                EXTI0_1_IRQHandler
                0x0800022c                USB_IRQHandler
                0x0800022c                SPI2_IRQHandler
                0x0800022c                DMA1_Ch2_3_DMA2_Ch1_2_IRQHandler
                0x0800022c                DMA1_Ch4_7_DMA2_Ch3_5_IRQHandler
                0x0800022c                TS_IRQHandler
                0x0800022c                WWDG_IRQHandler
                0x0800022c                TIM2_IRQHandler
                0x0800022c                DMA1_Channel2_3_IRQHandler
                0x0800022c                USART2_IRQHandler
                0x0800022c                VDDIO2_IRQHandler
                0x0800022c                FLASH_IRQHandler
                0x0800022c                USART1_IRQHandler
                0x0800022c                TIM1_BRK_UP_TRG_COM_IRQHandler

.inits          0x08000230       0x28
                0x08000230                __data_regions_array_start = .
                0x08000230        0x4 LONG 0x80014ac LOADADDR (.data)
                0x08000234        0x4 LONG 0x20000000 ADDR (.data)
                0x08000238        0x4 LONG 0x20000088 (ADDR (.data) + SIZEOF (.data))
                0x0800023c        0x4 LONG 0x80014ac LOADADDR (.data_CCMRAM)
                0x08000240        0x4 LONG 0x0 ADDR (.data_CCMRAM)
                0x08000244        0x4 LONG 0x0 (ADDR (.data_CCMRAM) + SIZEOF (.data_CCMRAM))
                0x08000248                __data_regions_array_end = .
                0x08000248                __bss_regions_array_start = .
                0x08000248        0x4 LONG 0x20000088 ADDR (.bss)
                0x0800024c        0x4 LONG 0x20000128 (ADDR (.bss) + SIZEOF (.bss))
                0x08000250        0x4 LONG 0x0 ADDR (.bss_CCMRAM)
                0x08000254        0x4 LONG 0x0 (ADDR (.bss_CCMRAM) + SIZEOF (.bss_CCMRAM))
                0x08000258                __bss_regions_array_end = .
 *(.init)
 *(.fini)
                0x08000258                . = ALIGN (0x4)
                0x08000258                PROVIDE (__preinit_array_start, .)
 *(.preinit_array_sysinit .preinit_array_sysinit.*)
 *(.preinit_array_platform .preinit_array_platform.*)
 *(.preinit_array .preinit_array.*)
                0x08000258                PROVIDE (__preinit_array_end, .)
                0x08000258                . = ALIGN (0x4)
                0x08000258                PROVIDE (__init_array_start, .)
 *(SORT(.init_array.*))
 *(.init_array)
                0x08000258                PROVIDE (__init_array_end, .)
                0x08000258                . = ALIGN (0x4)
                0x08000258                PROVIDE (__fini_array_start, .)
 *(SORT(.fini_array.*))
 *(.fini_array)
                0x08000258                PROVIDE (__fini_array_end, .)

.flashtext
 *(.flashtext .flashtext.*)

.text           0x08000258     0x1253
 *(.text .text.*)
 .text.GPIO_Init
                0x08000258      0x118 ./system/src/stm32f0-stdperiph/stm32f0xx_gpio.o
                0x08000258                GPIO_Init
 .text.GPIO_SetBits
                0x08000370       0x60 ./system/src/stm32f0-stdperiph/stm32f0xx_gpio.o
                0x08000370                GPIO_SetBits
 .text.GPIO_ResetBits
                0x080003d0       0x60 ./system/src/stm32f0-stdperiph/stm32f0xx_gpio.o
                0x080003d0                GPIO_ResetBits
 .text.RCC_AHBPeriphClockCmd
                0x08000430       0x50 ./system/src/stm32f0-stdperiph/stm32f0xx_rcc.o
                0x08000430                RCC_AHBPeriphClockCmd
 .text._exit    0x08000480        0x4 ./system/src/newlib/_exit.o
                0x08000480                _exit
 .text.abort    0x08000484       0x14 ./system/src/newlib/_exit.o
                0x08000484                abort
 .text._sbrk    0x08000498       0x44 ./system/src/newlib/_sbrk.o
                0x08000498                _sbrk
 .text.__initialize_args
                0x080004dc       0x10 ./system/src/newlib/_syscalls.o
                0x080004dc                __initialize_args
 .text.assert_failed
                0x080004ec       0x14 ./system/src/newlib/assert.o
                0x080004ec                assert_failed
 .text.trace_printf
                0x08000500       0x2c ./system/src/diag/Trace.o
                0x08000500                trace_printf
 .text.trace_puts
                0x0800052c       0x20 ./system/src/diag/Trace.o
                0x0800052c                trace_puts
 .text._trace_write_semihosting_debug
                0x0800054c       0x68 ./system/src/diag/trace_impl.o
 .text.trace_write
                0x080005b4        0x8 ./system/src/diag/trace_impl.o
                0x080005b4                trace_write
 .text.__initialize_hardware_early
                0x080005bc        0x8 ./system/src/cortexm/_initialize_hardware.o
                0x080005bc                __initialize_hardware_early
 .text.__initialize_hardware
                0x080005c4        0x8 ./system/src/cortexm/_initialize_hardware.o
                0x080005c4                __initialize_hardware
 .text.dumpExceptionStack
                0x080005cc       0x88 ./system/src/cortexm/exception_handlers.o
                0x080005cc                dumpExceptionStack
 .text.SetSysClock
                0x08000654       0xb0 ./system/src/cmsis/system_stm32f0xx.o
 .text.SystemInit
                0x08000704       0x64 ./system/src/cmsis/system_stm32f0xx.o
                0x08000704                SystemInit
 .text.SystemCoreClockUpdate
                0x08000768       0x94 ./system/src/cmsis/system_stm32f0xx.o
                0x08000768                SystemCoreClockUpdate
 .text.blink_led_init
                0x080007fc       0x3c ./src/BlinkLed.o
                0x080007fc                blink_led_init
 .text.timer_start
                0x08000838       0x44 ./src/Timer.o
                0x08000838                timer_start
 .text.timer_sleep
                0x0800087c       0x14 ./src/Timer.o
                0x0800087c                timer_sleep
 .text.timer_tick
                0x08000890       0x18 ./src/Timer.o
                0x08000890                timer_tick
 .text.SysTick_Handler
                0x080008a8        0x8 ./src/Timer.o
                0x080008a8                SysTick_Handler
 .text.main     0x080008b0       0x40 ./src/main.o
                0x080008b0                main
 .text          0x080008f0      0x114 c:/program files (x86)/gnu tools arm embedded/5.4 2016q3/bin/../lib/gcc/arm-none-eabi/5.4.1/armv6-m\libgcc.a(_udivsi3.o)
                0x080008f0                __aeabi_uidiv
                0x080008f0                __udivsi3
                0x080009fc                __aeabi_uidivmod
 .text          0x08000a04        0x4 c:/program files (x86)/gnu tools arm embedded/5.4 2016q3/bin/../lib/gcc/arm-none-eabi/5.4.1/armv6-m\libgcc.a(_dvmd_tls.o)
                0x08000a04                __aeabi_idiv0
                0x08000a04                __aeabi_ldiv0
 .text.__errno  0x08000a08        0xc c:/program files (x86)/gnu tools arm embedded/5.4 2016q3/bin/../lib/gcc/arm-none-eabi/5.4.1/../../../../arm-none-eabi/lib/armv6-m\libg_nano.a(lib_a-errno.o)
                0x08000a08                __errno
 .text          0x08000a14        0xe c:/program files (x86)/gnu tools arm embedded/5.4 2016q3/bin/../lib/gcc/arm-none-eabi/5.4.1/../../../../arm-none-eabi/lib/armv6-m\libg_nano.a(lib_a-strlen.o)
                0x08000a14                strlen
 .text._vsnprintf_r
                0x08000a22       0x56 c:/program files (x86)/gnu tools arm embedded/5.4 2016q3/bin/../lib/gcc/arm-none-eabi/5.4.1/../../../../arm-none-eabi/lib/armv6-m\libg_nano.a(lib_a-vsnprintf.o)
                0x08000a22                _vsniprintf_r
                0x08000a22                _vsnprintf_r
 .text.vsnprintf
                0x08000a78       0x18 c:/program files (x86)/gnu tools arm embedded/5.4 2016q3/bin/../lib/gcc/arm-none-eabi/5.4.1/../../../../arm-none-eabi/lib/armv6-m\libg_nano.a(lib_a-vsnprintf.o)
                0x08000a78                vsniprintf
                0x08000a78                vsnprintf
 .text.__ssputs_r
                0x08000a90       0xc4 c:/program files (x86)/gnu tools arm embedded/5.4 2016q3/bin/../lib/gcc/arm-none-eabi/5.4.1/../../../../arm-none-eabi/lib/armv6-m\libg_nano.a(lib_a-nano-svfprintf.o)
                0x08000a90                __ssputs_r
 .text._svfprintf_r
                0x08000b54      0x1fc c:/program files (x86)/gnu tools arm embedded/5.4 2016q3/bin/../lib/gcc/arm-none-eabi/5.4.1/../../../../arm-none-eabi/lib/armv6-m\libg_nano.a(lib_a-nano-svfprintf.o)
                0x08000b54                _svfiprintf_r
                0x08000b54                _svfprintf_r
 .text._printf_common
                0x08000d50       0xdc c:/program files (x86)/gnu tools arm embedded/5.4 2016q3/bin/../lib/gcc/arm-none-eabi/5.4.1/../../../../arm-none-eabi/lib/armv6-m\libg_nano.a(lib_a-nano-vfprintf_i.o)
                0x08000d50                _printf_common
 .text._printf_i
                0x08000e2c      0x244 c:/program files (x86)/gnu tools arm embedded/5.4 2016q3/bin/../lib/gcc/arm-none-eabi/5.4.1/../../../../arm-none-eabi/lib/armv6-m\libg_nano.a(lib_a-nano-vfprintf_i.o)
                0x08000e2c                _printf_i
 .text.memchr   0x08001070       0x16 c:/program files (x86)/gnu tools arm embedded/5.4 2016q3/bin/../lib/gcc/arm-none-eabi/5.4.1/../../../../arm-none-eabi/lib/armv6-m\libg_nano.a(lib_a-memchr-stub.o)
                0x08001070                memchr
 .text.memcpy   0x08001086       0x12 c:/program files (x86)/gnu tools arm embedded/5.4 2016q3/bin/../lib/gcc/arm-none-eabi/5.4.1/../../../../arm-none-eabi/lib/armv6-m\libg_nano.a(lib_a-memcpy-stub.o)
                0x08001086                memcpy
 .text.memmove  0x08001098       0x2a c:/program files (x86)/gnu tools arm embedded/5.4 2016q3/bin/../lib/gcc/arm-none-eabi/5.4.1/../../../../arm-none-eabi/lib/armv6-m\libg_nano.a(lib_a-memmove.o)
                0x08001098                memmove
 *fill*         0x080010c2        0x2 
 .text._free_r  0x080010c4       0x98 c:/program files (x86)/gnu tools arm embedded/5.4 2016q3/bin/../lib/gcc/arm-none-eabi/5.4.1/../../../../arm-none-eabi/lib/armv6-m\libg_nano.a(lib_a-nano-freer.o)
                0x080010c4                _free_r
 .text._malloc_r
                0x0800115c       0xc0 c:/program files (x86)/gnu tools arm embedded/5.4 2016q3/bin/../lib/gcc/arm-none-eabi/5.4.1/../../../../arm-none-eabi/lib/armv6-m\libg_nano.a(lib_a-nano-mallocr.o)
                0x0800115c                _malloc_r
 .text._realloc_r
                0x0800121c       0x4c c:/program files (x86)/gnu tools arm embedded/5.4 2016q3/bin/../lib/gcc/arm-none-eabi/5.4.1/../../../../arm-none-eabi/lib/armv6-m\libg_nano.a(lib_a-nano-reallocr.o)
                0x0800121c                _realloc_r
 .text._sbrk_r  0x08001268       0x24 c:/program files (x86)/gnu tools arm embedded/5.4 2016q3/bin/../lib/gcc/arm-none-eabi/5.4.1/../../../../arm-none-eabi/lib/armv6-m\libg_nano.a(lib_a-sbrkr.o)
                0x08001268                _sbrk_r
 .text.__malloc_lock
                0x0800128c        0x2 c:/program files (x86)/gnu tools arm embedded/5.4 2016q3/bin/../lib/gcc/arm-none-eabi/5.4.1/../../../../arm-none-eabi/lib/armv6-m\libg_nano.a(lib_a-mlock.o)
                0x0800128c                __malloc_lock
 .text.__malloc_unlock
                0x0800128e        0x2 c:/program files (x86)/gnu tools arm embedded/5.4 2016q3/bin/../lib/gcc/arm-none-eabi/5.4.1/../../../../arm-none-eabi/lib/armv6-m\libg_nano.a(lib_a-mlock.o)
                0x0800128e                __malloc_unlock
 .text._malloc_usable_size_r
                0x08001290       0x16 c:/program files (x86)/gnu tools arm embedded/5.4 2016q3/bin/../lib/gcc/arm-none-eabi/5.4.1/../../../../arm-none-eabi/lib/armv6-m\libg_nano.a(lib_a-nano-msizer.o)
                0x08001290                _malloc_usable_size_r
 *(.rodata .rodata.* .constdata .constdata.*)
 *fill*         0x080012a6        0x2 
 .rodata.str1.4
                0x080012a8       0x31 ./system/src/stm32f0-stdperiph/stm32f0xx_gpio.o
 *fill*         0x080012d9        0x3 
 .rodata.str1.4
                0x080012dc       0x30 ./system/src/stm32f0-stdperiph/stm32f0xx_rcc.o
 .rodata.str1.4
                0x0800130c       0x14 ./system/src/newlib/_exit.o
 .rodata.str1.4
                0x08001320       0x6b ./system/src/newlib/assert.o
                                 0x6f (size before relaxing)
 *fill*         0x0800138b        0x1 
 .rodata.str1.4
                0x0800138c       0x29 ./system/src/diag/Trace.o
                                 0x2d (size before relaxing)
 *fill*         0x080013b5        0x3 
 .rodata.str1.4
                0x080013b8       0xc0 ./system/src/cortexm/exception_handlers.o
                                 0xbd (size before relaxing)
 .rodata.str1.1
                0x08001478       0x11 c:/program files (x86)/gnu tools arm embedded/5.4 2016q3/bin/../lib/gcc/arm-none-eabi/5.4.1/../../../../arm-none-eabi/lib/armv6-m\libg_nano.a(lib_a-nano-svfprintf.o)
 .rodata.str1.1
                0x08001489       0x22 c:/program files (x86)/gnu tools arm embedded/5.4 2016q3/bin/../lib/gcc/arm-none-eabi/5.4.1/../../../../arm-none-eabi/lib/armv6-m\libg_nano.a(lib_a-nano-vfprintf_i.o)
 *(vtable)
 *(.eh_frame*)
 *(.glue_7)
 .glue_7        0x080014ab        0x0 linker stubs
 *(.glue_7t)
 .glue_7t       0x080014ab        0x0 linker stubs

.vfp11_veneer   0x080014ac        0x0
 .vfp11_veneer  0x080014ac        0x0 linker stubs

.v4_bx          0x080014ac        0x0
 .v4_bx         0x080014ac        0x0 linker stubs

.iplt           0x080014ac        0x0
 .iplt          0x080014ac        0x0 ./system/src/stm32f0-stdperiph/stm32f0xx_gpio.o

.rel.dyn        0x080014ac        0x0
 .rel.iplt      0x080014ac        0x0 ./system/src/stm32f0-stdperiph/stm32f0xx_gpio.o

.ARM.extab
 *(.ARM.extab* .gnu.linkonce.armextab.*)
                0x080014ac                . = ALIGN (0x4)
                0x080014ac                __exidx_start = .

.ARM.exidx
 *(.ARM.exidx* .gnu.linkonce.armexidx.*)
                0x080014ac                __exidx_end = .
                0x080014ac                . = ALIGN (0x4)
                0x080014ac                _etext = .
                0x080014ac                __etext = .

.data_CCMRAM    0x00000000        0x0 load address 0x080014ac
 FILL mask 0xff
 *(.data.CCMRAM .data.CCMRAM.*)
                0x00000000                . = ALIGN (0x4)
                0x080014ac                _sidata = LOADADDR (.data)

.data           0x20000000       0x88 load address 0x080014ac
 FILL mask 0xff
                0x20000000                _sdata = .
                0x20000000                __data_start__ = .
 *(.data_begin .data_begin.*)
 .data_begin    0x20000000        0x4 ./system/src/newlib/_startup.o
 *(.data .data.*)
 .data.argv.4290
                0x20000004        0x8 ./system/src/newlib/_syscalls.o
 .data.AHBPrescTable
                0x2000000c       0x10 ./system/src/cmsis/system_stm32f0xx.o
                0x2000000c                AHBPrescTable
 .data.SystemCoreClock
                0x2000001c        0x4 ./system/src/cmsis/system_stm32f0xx.o
                0x2000001c                SystemCoreClock
 .data.impure_data
                0x20000020       0x60 c:/program files (x86)/gnu tools arm embedded/5.4 2016q3/bin/../lib/gcc/arm-none-eabi/5.4.1/../../../../arm-none-eabi/lib/armv6-m\libg_nano.a(lib_a-impure.o)
 .data._impure_ptr
                0x20000080        0x4 c:/program files (x86)/gnu tools arm embedded/5.4 2016q3/bin/../lib/gcc/arm-none-eabi/5.4.1/../../../../arm-none-eabi/lib/armv6-m\libg_nano.a(lib_a-impure.o)
                0x20000080                _impure_ptr
 *(.data_end .data_end.*)
 .data_end      0x20000084        0x4 ./system/src/newlib/_startup.o
                0x20000088                . = ALIGN (0x4)
                0x20000088                _edata = .
                0x20000088                __data_end__ = .

.igot.plt       0x20000088        0x0 load address 0x08001534
 .igot.plt      0x20000088        0x0 ./system/src/stm32f0-stdperiph/stm32f0xx_gpio.o

.bss_CCMRAM     0x00000000        0x0
 *(.bss.CCMRAM .bss.CCMRAM.*)

.bss            0x20000088       0xa0
                0x20000088                __bss_start__ = .
                0x20000088                _sbss = .
 *(.bss_begin .bss_begin.*)
 .bss_begin     0x20000088        0x4 ./system/src/newlib/_startup.o
 *(.bss .bss.*)
 .bss.current_heap_end.3974
                0x2000008c        0x4 ./system/src/newlib/_sbrk.o
 .bss.name.4289
                0x20000090        0x1 ./system/src/newlib/_syscalls.o
 *fill*         0x20000091        0x3 
 .bss.buf.5179  0x20000094       0x80 ./system/src/diag/Trace.o
 .bss.__malloc_sbrk_start
                0x20000114        0x4 c:/program files (x86)/gnu tools arm embedded/5.4 2016q3/bin/../lib/gcc/arm-none-eabi/5.4.1/../../../../arm-none-eabi/lib/armv6-m\libg_nano.a(lib_a-nano-mallocr.o)
                0x20000114                __malloc_sbrk_start
 .bss.__malloc_free_list
                0x20000118        0x4 c:/program files (x86)/gnu tools arm embedded/5.4 2016q3/bin/../lib/gcc/arm-none-eabi/5.4.1/../../../../arm-none-eabi/lib/armv6-m\libg_nano.a(lib_a-nano-mallocr.o)
                0x20000118                __malloc_free_list
 *(COMMON)
 COMMON         0x2000011c        0x4 ./system/src/newlib/_syscalls.o
                0x2000011c                errno
 COMMON         0x20000120        0x4 ./src/Timer.o
                0x20000120                timer_delayCount
 *(.bss_end .bss_end.*)
 .bss_end       0x20000124        0x4 ./system/src/newlib/_startup.o
                0x20000128                . = ALIGN (0x4)
                0x20000128                __bss_end__ = .
                0x20000128                _ebss = .

.noinit_CCMRAM
 *(.noinit.CCMRAM .noinit.CCMRAM.*)

.noinit         0x20000128        0x0
                0x20000128                _noinit = .
 *(.noinit .noinit.*)
                0x20000128                . = ALIGN (0x4)
                0x20000128                _end_noinit = .
                [!provide]                PROVIDE (end, _end_noinit)
                [!provide]                PROVIDE (_end, _end_noinit)
                [!provide]                PROVIDE (__end, _end_noinit)
                [!provide]                PROVIDE (__end__, _end_noinit)

._check_stack   0x20000128      0x100
                0x20000228                . = (. + _Minimum_Stack_Size)
 *fill*         0x20000128      0x100 

.b1text
 *(.b1text)
 *(.b1rodata)
 *(.b1rodata.*)

.eb0text
 *(.eb0text)
 *(.eb0rodata)
 *(.eb0rodata.*)

.eb1text
 *(.eb1text)
 *(.eb1rodata)
 *(.eb1rodata.*)

.eb2text
 *(.eb2text)
 *(.eb2rodata)
 *(.eb2rodata.*)

.eb3text
 *(.eb3text)
 *(.eb3rodata)
 *(.eb3rodata.*)

.stab
 *(.stab)

.stabstr
 *(.stabstr)

.stab.excl
 *(.stab.excl)

.stab.exclstr
 *(.stab.exclstr)

.stab.index
 *(.stab.index)

.stab.indexstr
 *(.stab.indexstr)

.comment        0x00000000       0x6e
 *(.comment)
 .comment       0x00000000       0x6e ./system/src/stm32f0-stdperiph/stm32f0xx_gpio.o
                                 0x6f (size before relaxing)
 .comment       0x0000006e       0x6f ./system/src/stm32f0-stdperiph/stm32f0xx_rcc.o
 .comment       0x0000006e       0x6f ./system/src/newlib/_exit.o
 .comment       0x0000006e       0x6f ./system/src/newlib/_sbrk.o
 .comment       0x0000006e       0x6f ./system/src/newlib/_startup.o
 .comment       0x0000006e       0x6f ./system/src/newlib/_syscalls.o
 .comment       0x0000006e       0x6f ./system/src/newlib/assert.o
 .comment       0x0000006e       0x6f ./system/src/diag/Trace.o
 .comment       0x0000006e       0x6f ./system/src/diag/trace_impl.o
 .comment       0x0000006e       0x6f ./system/src/cortexm/_initialize_hardware.o
 .comment       0x0000006e       0x6f ./system/src/cortexm/exception_handlers.o
 .comment       0x0000006e       0x6f ./system/src/cmsis/system_stm32f0xx.o
 .comment       0x0000006e       0x6f ./system/src/cmsis/vectors_stm32f0xx.o
 .comment       0x0000006e       0x6f ./src/BlinkLed.o
 .comment       0x0000006e       0x6f ./src/Timer.o
 .comment       0x0000006e       0x6f ./src/main.o

.ARM.attributes
                0x00000000       0x2f
 .ARM.attributes
                0x00000000       0x31 ./system/src/stm32f0-stdperiph/stm32f0xx_gpio.o
 .ARM.attributes
                0x00000031       0x31 ./system/src/stm32f0-stdperiph/stm32f0xx_rcc.o
 .ARM.attributes
                0x00000062       0x31 ./system/src/newlib/_exit.o
 .ARM.attributes
                0x00000093       0x31 ./system/src/newlib/_sbrk.o
 .ARM.attributes
                0x000000c4       0x31 ./system/src/newlib/_startup.o
 .ARM.attributes
                0x000000f5       0x31 ./system/src/newlib/_syscalls.o
 .ARM.attributes
                0x00000126       0x31 ./system/src/newlib/assert.o
 .ARM.attributes
                0x00000157       0x31 ./system/src/diag/Trace.o
 .ARM.attributes
                0x00000188       0x31 ./system/src/diag/trace_impl.o
 .ARM.attributes
                0x000001b9       0x31 ./system/src/cortexm/_initialize_hardware.o
 .ARM.attributes
                0x000001ea       0x31 ./system/src/cortexm/exception_handlers.o
 .ARM.attributes
                0x0000021b       0x31 ./system/src/cmsis/system_stm32f0xx.o
 .ARM.attributes
                0x0000024c       0x31 ./system/src/cmsis/vectors_stm32f0xx.o
 .ARM.attributes
                0x0000027d       0x31 ./src/BlinkLed.o
 .ARM.attributes
                0x000002ae       0x31 ./src/Timer.o
 .ARM.attributes
                0x000002df       0x31 ./src/main.o
 .ARM.attributes
                0x00000310       0x1e c:/program files (x86)/gnu tools arm embedded/5.4 2016q3/bin/../lib/gcc/arm-none-eabi/5.4.1/armv6-m\libgcc.a(_udivsi3.o)
 .ARM.attributes
                0x0000032e       0x1e c:/program files (x86)/gnu tools arm embedded/5.4 2016q3/bin/../lib/gcc/arm-none-eabi/5.4.1/armv6-m\libgcc.a(_dvmd_tls.o)
 .ARM.attributes
                0x0000034c       0x2c c:/program files (x86)/gnu tools arm embedded/5.4 2016q3/bin/../lib/gcc/arm-none-eabi/5.4.1/../../../../arm-none-eabi/lib/armv6-m\libg_nano.a(lib_a-errno.o)
 .ARM.attributes
                0x00000378       0x2c c:/program files (x86)/gnu tools arm embedded/5.4 2016q3/bin/../lib/gcc/arm-none-eabi/5.4.1/../../../../arm-none-eabi/lib/armv6-m\libg_nano.a(lib_a-impure.o)
 .ARM.attributes
                0x000003a4       0x1c c:/program files (x86)/gnu tools arm embedded/5.4 2016q3/bin/../lib/gcc/arm-none-eabi/5.4.1/../../../../arm-none-eabi/lib/armv6-m\libg_nano.a(lib_a-strlen.o)
 .ARM.attributes
                0x000003c0       0x2c c:/program files (x86)/gnu tools arm embedded/5.4 2016q3/bin/../lib/gcc/arm-none-eabi/5.4.1/../../../../arm-none-eabi/lib/armv6-m\libg_nano.a(lib_a-vsnprintf.o)
 .ARM.attributes
                0x000003ec       0x2c c:/program files (x86)/gnu tools arm embedded/5.4 2016q3/bin/../lib/gcc/arm-none-eabi/5.4.1/../../../../arm-none-eabi/lib/armv6-m\libg_nano.a(lib_a-nano-svfprintf.o)
 .ARM.attributes
                0x00000418       0x2c c:/program files (x86)/gnu tools arm embedded/5.4 2016q3/bin/../lib/gcc/arm-none-eabi/5.4.1/../../../../arm-none-eabi/lib/armv6-m\libg_nano.a(lib_a-nano-vfprintf_i.o)
 .ARM.attributes
                0x00000444       0x2c c:/program files (x86)/gnu tools arm embedded/5.4 2016q3/bin/../lib/gcc/arm-none-eabi/5.4.1/../../../../arm-none-eabi/lib/armv6-m\libg_nano.a(lib_a-memchr-stub.o)
 .ARM.attributes
                0x00000470       0x2c c:/program files (x86)/gnu tools arm embedded/5.4 2016q3/bin/../lib/gcc/arm-none-eabi/5.4.1/../../../../arm-none-eabi/lib/armv6-m\libg_nano.a(lib_a-memcpy-stub.o)
 .ARM.attributes
                0x0000049c       0x2c c:/program files (x86)/gnu tools arm embedded/5.4 2016q3/bin/../lib/gcc/arm-none-eabi/5.4.1/../../../../arm-none-eabi/lib/armv6-m\libg_nano.a(lib_a-memmove.o)
 .ARM.attributes
                0x000004c8       0x2c c:/program files (x86)/gnu tools arm embedded/5.4 2016q3/bin/../lib/gcc/arm-none-eabi/5.4.1/../../../../arm-none-eabi/lib/armv6-m\libg_nano.a(lib_a-nano-freer.o)
 .ARM.attributes
                0x000004f4       0x2c c:/program files (x86)/gnu tools arm embedded/5.4 2016q3/bin/../lib/gcc/arm-none-eabi/5.4.1/../../../../arm-none-eabi/lib/armv6-m\libg_nano.a(lib_a-nano-mallocr.o)
 .ARM.attributes
                0x00000520       0x2c c:/program files (x86)/gnu tools arm embedded/5.4 2016q3/bin/../lib/gcc/arm-none-eabi/5.4.1/../../../../arm-none-eabi/lib/armv6-m\libg_nano.a(lib_a-nano-reallocr.o)
 .ARM.attributes
                0x0000054c       0x2c c:/program files (x86)/gnu tools arm embedded/5.4 2016q3/bin/../lib/gcc/arm-none-eabi/5.4.1/../../../../arm-none-eabi/lib/armv6-m\libg_nano.a(lib_a-sbrkr.o)
 .ARM.attributes
                0x00000578       0x2c c:/program files (x86)/gnu tools arm embedded/5.4 2016q3/bin/../lib/gcc/arm-none-eabi/5.4.1/../../../../arm-none-eabi/lib/armv6-m\libg_nano.a(lib_a-mlock.o)
 .ARM.attributes
                0x000005a4       0x2c c:/program files (x86)/gnu tools arm embedded/5.4 2016q3/bin/../lib/gcc/arm-none-eabi/5.4.1/../../../../arm-none-eabi/lib/armv6-m\libg_nano.a(lib_a-nano-msizer.o)

.debug
 *(.debug)

.line
 *(.line)

.debug_srcinfo
 *(.debug_srcinfo)

.debug_sfnames
 *(.debug_sfnames)

.debug_aranges  0x00000000      0x470
 *(.debug_aranges)
 .debug_aranges
                0x00000000       0x80 ./system/src/stm32f0-stdperiph/stm32f0xx_gpio.o
 .debug_aranges
                0x00000080      0x160 ./system/src/stm32f0-stdperiph/stm32f0xx_rcc.o
 .debug_aranges
                0x000001e0       0x28 ./system/src/newlib/_exit.o
 .debug_aranges
                0x00000208       0x20 ./system/src/newlib/_sbrk.o
 .debug_aranges
                0x00000228       0x40 ./system/src/newlib/_startup.o
 .debug_aranges
                0x00000268       0x30 ./system/src/newlib/_syscalls.o
 .debug_aranges
                0x00000298       0x28 ./system/src/newlib/assert.o
 .debug_aranges
                0x000002c0       0x38 ./system/src/diag/Trace.o
 .debug_aranges
                0x000002f8       0x30 ./system/src/diag/trace_impl.o
 .debug_aranges
                0x00000328       0x28 ./system/src/cortexm/_initialize_hardware.o
 .debug_aranges
                0x00000350       0x58 ./system/src/cortexm/exception_handlers.o
 .debug_aranges
                0x000003a8       0x30 ./system/src/cmsis/system_stm32f0xx.o
 .debug_aranges
                0x000003d8       0x20 ./system/src/cmsis/vectors_stm32f0xx.o
 .debug_aranges
                0x000003f8       0x20 ./src/BlinkLed.o
 .debug_aranges
                0x00000418       0x38 ./src/Timer.o
 .debug_aranges
                0x00000450       0x20 ./src/main.o

.debug_pubnames
 *(.debug_pubnames)

.debug_info     0x00000000     0x3b04
 *(.debug_info .gnu.linkonce.wi.*)
 .debug_info    0x00000000      0xa05 ./system/src/stm32f0-stdperiph/stm32f0xx_gpio.o
 .debug_info    0x00000a05      0xf67 ./system/src/stm32f0-stdperiph/stm32f0xx_rcc.o
 .debug_info    0x0000196c       0xef ./system/src/newlib/_exit.o
 .debug_info    0x00001a5b      0x11f ./system/src/newlib/_sbrk.o
 .debug_info    0x00001b7a      0x454 ./system/src/newlib/_startup.o
 .debug_info    0x00001fce      0x1c7 ./system/src/newlib/_syscalls.o
 .debug_info    0x00002195      0x1a3 ./system/src/newlib/assert.o
 .debug_info    0x00002338      0x2e7 ./system/src/diag/Trace.o
 .debug_info    0x0000261f      0x2ea ./system/src/diag/trace_impl.o
 .debug_info    0x00002909       0xcb ./system/src/cortexm/_initialize_hardware.o
 .debug_info    0x000029d4      0x327 ./system/src/cortexm/exception_handlers.o
 .debug_info    0x00002cfb      0x2f6 ./system/src/cmsis/system_stm32f0xx.o
 .debug_info    0x00002ff1       0xd1 ./system/src/cmsis/vectors_stm32f0xx.o
 .debug_info    0x000030c2      0x333 ./src/BlinkLed.o
 .debug_info    0x000033f5      0x458 ./src/Timer.o
 .debug_info    0x0000384d      0x2b7 ./src/main.o

.debug_abbrev   0x00000000     0x1384
 *(.debug_abbrev)
 .debug_abbrev  0x00000000      0x1d6 ./system/src/stm32f0-stdperiph/stm32f0xx_gpio.o
 .debug_abbrev  0x000001d6      0x237 ./system/src/stm32f0-stdperiph/stm32f0xx_rcc.o
 .debug_abbrev  0x0000040d       0x8e ./system/src/newlib/_exit.o
 .debug_abbrev  0x0000049b       0xb9 ./system/src/newlib/_sbrk.o
 .debug_abbrev  0x00000554      0x1ac ./system/src/newlib/_startup.o
 .debug_abbrev  0x00000700       0xec ./system/src/newlib/_syscalls.o
 .debug_abbrev  0x000007ec       0xab ./system/src/newlib/assert.o
 .debug_abbrev  0x00000897      0x156 ./system/src/diag/Trace.o
 .debug_abbrev  0x000009ed      0x1ae ./system/src/diag/trace_impl.o
 .debug_abbrev  0x00000b9b       0x63 ./system/src/cortexm/_initialize_hardware.o
 .debug_abbrev  0x00000bfe      0x15c ./system/src/cortexm/exception_handlers.o
 .debug_abbrev  0x00000d5a      0x148 ./system/src/cmsis/system_stm32f0xx.o
 .debug_abbrev  0x00000ea2       0x9d ./system/src/cmsis/vectors_stm32f0xx.o
 .debug_abbrev  0x00000f3f      0x14e ./src/BlinkLed.o
 .debug_abbrev  0x0000108d      0x1c0 ./src/Timer.o
 .debug_abbrev  0x0000124d      0x137 ./src/main.o

.debug_line     0x00000000     0x48c4
 *(.debug_line)
 .debug_line    0x00000000      0x740 ./system/src/stm32f0-stdperiph/stm32f0xx_gpio.o
 .debug_line    0x00000740      0xa2b ./system/src/stm32f0-stdperiph/stm32f0xx_rcc.o
 .debug_line    0x0000116b      0x33c ./system/src/newlib/_exit.o
 .debug_line    0x000014a7      0x2ed ./system/src/newlib/_sbrk.o
 .debug_line    0x00001794      0x3a4 ./system/src/newlib/_startup.o
 .debug_line    0x00001b38      0x40a ./system/src/newlib/_syscalls.o
 .debug_line    0x00001f42      0x377 ./system/src/newlib/assert.o
 .debug_line    0x000022b9      0x3a9 ./system/src/diag/Trace.o
 .debug_line    0x00002662      0x62e ./system/src/diag/trace_impl.o
 .debug_line    0x00002c90      0x382 ./system/src/cortexm/_initialize_hardware.o
 .debug_line    0x00003012      0x67e ./system/src/cortexm/exception_handlers.o
 .debug_line    0x00003690      0x3c0 ./system/src/cmsis/system_stm32f0xx.o
 .debug_line    0x00003a50      0x103 ./system/src/cmsis/vectors_stm32f0xx.o
 .debug_line    0x00003b53      0x35e ./src/BlinkLed.o
 .debug_line    0x00003eb1      0x3da ./src/Timer.o
 .debug_line    0x0000428b      0x639 ./src/main.o

.debug_frame    0x00000000      0xc88
 *(.debug_frame)
 .debug_frame   0x00000000      0x164 ./system/src/stm32f0-stdperiph/stm32f0xx_gpio.o
 .debug_frame   0x00000164      0x3fc ./system/src/stm32f0-stdperiph/stm32f0xx_rcc.o
 .debug_frame   0x00000560       0x38 ./system/src/newlib/_exit.o
 .debug_frame   0x00000598       0x28 ./system/src/newlib/_sbrk.o
 .debug_frame   0x000005c0       0x80 ./system/src/newlib/_startup.o
 .debug_frame   0x00000640       0x50 ./system/src/newlib/_syscalls.o
 .debug_frame   0x00000690       0x44 ./system/src/newlib/assert.o
 .debug_frame   0x000006d4       0x78 ./system/src/diag/Trace.o
 .debug_frame   0x0000074c       0x60 ./system/src/diag/trace_impl.o
 .debug_frame   0x000007ac       0x40 ./system/src/cortexm/_initialize_hardware.o
 .debug_frame   0x000007ec       0xb0 ./system/src/cortexm/exception_handlers.o
 .debug_frame   0x0000089c       0x54 ./system/src/cmsis/system_stm32f0xx.o
 .debug_frame   0x000008f0       0x20 ./system/src/cmsis/vectors_stm32f0xx.o
 .debug_frame   0x00000910       0x2c ./src/BlinkLed.o
 .debug_frame   0x0000093c       0x60 ./src/Timer.o
 .debug_frame   0x0000099c       0x28 ./src/main.o
 .debug_frame   0x000009c4       0x20 c:/program files (x86)/gnu tools arm embedded/5.4 2016q3/bin/../lib/gcc/arm-none-eabi/5.4.1/armv6-m\libgcc.a(_udivsi3.o)
 .debug_frame   0x000009e4       0x20 c:/program files (x86)/gnu tools arm embedded/5.4 2016q3/bin/../lib/gcc/arm-none-eabi/5.4.1/../../../../arm-none-eabi/lib/armv6-m\libg_nano.a(lib_a-errno.o)
 .debug_frame   0x00000a04       0x48 c:/program files (x86)/gnu tools arm embedded/5.4 2016q3/bin/../lib/gcc/arm-none-eabi/5.4.1/../../../../arm-none-eabi/lib/armv6-m\libg_nano.a(lib_a-vsnprintf.o)
 .debug_frame   0x00000a4c       0x74 c:/program files (x86)/gnu tools arm embedded/5.4 2016q3/bin/../lib/gcc/arm-none-eabi/5.4.1/../../../../arm-none-eabi/lib/armv6-m\libg_nano.a(lib_a-nano-svfprintf.o)
 .debug_frame   0x00000ac0       0x54 c:/program files (x86)/gnu tools arm embedded/5.4 2016q3/bin/../lib/gcc/arm-none-eabi/5.4.1/../../../../arm-none-eabi/lib/armv6-m\libg_nano.a(lib_a-nano-vfprintf_i.o)
 .debug_frame   0x00000b14       0x20 c:/program files (x86)/gnu tools arm embedded/5.4 2016q3/bin/../lib/gcc/arm-none-eabi/5.4.1/../../../../arm-none-eabi/lib/armv6-m\libg_nano.a(lib_a-memchr-stub.o)
 .debug_frame   0x00000b34       0x28 c:/program files (x86)/gnu tools arm embedded/5.4 2016q3/bin/../lib/gcc/arm-none-eabi/5.4.1/../../../../arm-none-eabi/lib/armv6-m\libg_nano.a(lib_a-memcpy-stub.o)
 .debug_frame   0x00000b5c       0x28 c:/program files (x86)/gnu tools arm embedded/5.4 2016q3/bin/../lib/gcc/arm-none-eabi/5.4.1/../../../../arm-none-eabi/lib/armv6-m\libg_nano.a(lib_a-memmove.o)
 .debug_frame   0x00000b84       0x2c c:/program files (x86)/gnu tools arm embedded/5.4 2016q3/bin/../lib/gcc/arm-none-eabi/5.4.1/../../../../arm-none-eabi/lib/armv6-m\libg_nano.a(lib_a-nano-freer.o)
 .debug_frame   0x00000bb0       0x2c c:/program files (x86)/gnu tools arm embedded/5.4 2016q3/bin/../lib/gcc/arm-none-eabi/5.4.1/../../../../arm-none-eabi/lib/armv6-m\libg_nano.a(lib_a-nano-mallocr.o)
 .debug_frame   0x00000bdc       0x30 c:/program files (x86)/gnu tools arm embedded/5.4 2016q3/bin/../lib/gcc/arm-none-eabi/5.4.1/../../../../arm-none-eabi/lib/armv6-m\libg_nano.a(lib_a-nano-reallocr.o)
 .debug_frame   0x00000c0c       0x2c c:/program files (x86)/gnu tools arm embedded/5.4 2016q3/bin/../lib/gcc/arm-none-eabi/5.4.1/../../../../arm-none-eabi/lib/armv6-m\libg_nano.a(lib_a-sbrkr.o)
 .debug_frame   0x00000c38       0x30 c:/program files (x86)/gnu tools arm embedded/5.4 2016q3/bin/../lib/gcc/arm-none-eabi/5.4.1/../../../../arm-none-eabi/lib/armv6-m\libg_nano.a(lib_a-mlock.o)
 .debug_frame   0x00000c68       0x20 c:/program files (x86)/gnu tools arm embedded/5.4 2016q3/bin/../lib/gcc/arm-none-eabi/5.4.1/../../../../arm-none-eabi/lib/armv6-m\libg_nano.a(lib_a-nano-msizer.o)

.debug_str      0x00000000    0x51711
 *(.debug_str)
 .debug_str     0x00000000    0x4a012 ./system/src/stm32f0-stdperiph/stm32f0xx_gpio.o
                              0x4a1c8 (size before relaxing)
 .debug_str     0x0004a012      0x67f ./system/src/stm32f0-stdperiph/stm32f0xx_rcc.o
                              0x4a583 (size before relaxing)
 .debug_str     0x0004a691     0x482f ./system/src/newlib/_exit.o
                               0x6d5b (size before relaxing)
 .debug_str     0x0004eec0      0x4de ./system/src/newlib/_sbrk.o
                               0x6146 (size before relaxing)
 .debug_str     0x0004f39e      0x266 ./system/src/newlib/_startup.o
                               0x5cfb (size before relaxing)
 .debug_str     0x0004f604      0xe18 ./system/src/newlib/_syscalls.o
                               0x6fa6 (size before relaxing)
 .debug_str     0x0005041c       0xd5 ./system/src/newlib/assert.o
                               0x7860 (size before relaxing)
 .debug_str     0x000504f1      0x883 ./system/src/diag/Trace.o
                               0x754b (size before relaxing)
 .debug_str     0x00050d74      0x381 ./system/src/diag/trace_impl.o
                              0x4ddba (size before relaxing)
 .debug_str     0x000510f5       0x4e ./system/src/cortexm/_initialize_hardware.o
                              0x49ef5 (size before relaxing)
 .debug_str     0x00051143      0x109 ./system/src/cortexm/exception_handlers.o
                              0x4e80e (size before relaxing)
 .debug_str     0x0005124c       0x67 ./system/src/cmsis/system_stm32f0xx.o
                              0x49fa3 (size before relaxing)
 .debug_str     0x000512b3       0x56 ./system/src/cmsis/vectors_stm32f0xx.o
                               0x2f15 (size before relaxing)
 .debug_str     0x00051309      0x12e ./src/BlinkLed.o
                              0x4a173 (size before relaxing)
 .debug_str     0x00051437      0x23f ./src/Timer.o
                              0x4a1ad (size before relaxing)
 .debug_str     0x00051676       0x9b ./src/main.o
                              0x4f0e3 (size before relaxing)

.debug_loc      0x00000000     0x1aa7
 *(.debug_loc)
 .debug_loc     0x00000000      0x51a ./system/src/stm32f0-stdperiph/stm32f0xx_gpio.o
 .debug_loc     0x0000051a      0xc70 ./system/src/stm32f0-stdperiph/stm32f0xx_rcc.o
 .debug_loc     0x0000118a       0x7b ./system/src/newlib/_sbrk.o
 .debug_loc     0x00001205      0x265 ./system/src/newlib/_startup.o
 .debug_loc     0x0000146a       0x63 ./system/src/newlib/_syscalls.o
 .debug_loc     0x000014cd       0xef ./system/src/newlib/assert.o
 .debug_loc     0x000015bc      0x102 ./system/src/diag/Trace.o
 .debug_loc     0x000016be      0x17c ./system/src/diag/trace_impl.o
 .debug_loc     0x0000183a       0x94 ./system/src/cortexm/exception_handlers.o
 .debug_loc     0x000018ce      0x11f ./system/src/cmsis/system_stm32f0xx.o
 .debug_loc     0x000019ed       0x59 ./src/Timer.o
 .debug_loc     0x00001a46       0x61 ./src/main.o

.debug_macinfo
 *(.debug_macinfo)

.debug_weaknames
 *(.debug_weaknames)

.debug_funcnames
 *(.debug_funcnames)

.debug_typenames
 *(.debug_typenames)

.debug_varnames
 *(.debug_varnames)
OUTPUT(STM32CortexM0Project.elf elf32-littlearm)

.debug_ranges   0x00000000      0x3a0
 .debug_ranges  0x00000000       0x70 ./system/src/stm32f0-stdperiph/stm32f0xx_gpio.o
 .debug_ranges  0x00000070      0x150 ./system/src/stm32f0-stdperiph/stm32f0xx_rcc.o
 .debug_ranges  0x000001c0       0x18 ./system/src/newlib/_exit.o
 .debug_ranges  0x000001d8       0x10 ./system/src/newlib/_sbrk.o
 .debug_ranges  0x000001e8       0x48 ./system/src/newlib/_startup.o
 .debug_ranges  0x00000230       0x20 ./system/src/newlib/_syscalls.o
 .debug_ranges  0x00000250       0x18 ./system/src/newlib/assert.o
 .debug_ranges  0x00000268       0x28 ./system/src/diag/Trace.o
 .debug_ranges  0x00000290       0x38 ./system/src/diag/trace_impl.o
 .debug_ranges  0x000002c8       0x18 ./system/src/cortexm/_initialize_hardware.o
 .debug_ranges  0x000002e0       0x48 ./system/src/cortexm/exception_handlers.o
 .debug_ranges  0x00000328       0x20 ./system/src/cmsis/system_stm32f0xx.o
 .debug_ranges  0x00000348       0x10 ./system/src/cmsis/vectors_stm32f0xx.o
 .debug_ranges  0x00000358       0x10 ./src/BlinkLed.o
 .debug_ranges  0x00000368       0x28 ./src/Timer.o
 .debug_ranges  0x00000390       0x10 ./src/main.o

.debug_macro    0x00000000     0xe47a
 .debug_macro   0x00000000      0x165 ./system/src/stm32f0-stdperiph/stm32f0xx_gpio.o
 .debug_macro   0x00000165      0x83e ./system/src/stm32f0-stdperiph/stm32f0xx_gpio.o
 .debug_macro   0x000009a3       0x7a ./system/src/stm32f0-stdperiph/stm32f0xx_gpio.o
 .debug_macro   0x00000a1d      0x34e ./system/src/stm32f0-stdperiph/stm32f0xx_gpio.o
 .debug_macro   0x00000d6b       0x35 ./system/src/stm32f0-stdperiph/stm32f0xx_gpio.o
 .debug_macro   0x00000da0       0x26 ./system/src/stm32f0-stdperiph/stm32f0xx_gpio.o
 .debug_macro   0x00000dc6      0x30d ./system/src/stm32f0-stdperiph/stm32f0xx_gpio.o
 .debug_macro   0x000010d3     0x62f2 ./system/src/stm32f0-stdperiph/stm32f0xx_gpio.o
 .debug_macro   0x000073c5      0x2eb ./system/src/stm32f0-stdperiph/stm32f0xx_gpio.o
 .debug_macro   0x000076b0      0x3cf ./system/src/stm32f0-stdperiph/stm32f0xx_gpio.o
 .debug_macro   0x00007a7f      0x191 ./system/src/stm32f0-stdperiph/stm32f0xx_gpio.o
 .debug_macro   0x00007c10       0x46 ./system/src/stm32f0-stdperiph/stm32f0xx_gpio.o
 .debug_macro   0x00007c56       0xd9 ./system/src/stm32f0-stdperiph/stm32f0xx_gpio.o
 .debug_macro   0x00007d2f       0xef ./system/src/stm32f0-stdperiph/stm32f0xx_gpio.o
 .debug_macro   0x00007e1e      0x184 ./system/src/stm32f0-stdperiph/stm32f0xx_gpio.o
 .debug_macro   0x00007fa2       0x7c ./system/src/stm32f0-stdperiph/stm32f0xx_gpio.o
 .debug_macro   0x0000801e      0x85b ./system/src/stm32f0-stdperiph/stm32f0xx_gpio.o
 .debug_macro   0x00008879       0xd5 ./system/src/stm32f0-stdperiph/stm32f0xx_gpio.o
 .debug_macro   0x0000894e      0x2b7 ./system/src/stm32f0-stdperiph/stm32f0xx_gpio.o
 .debug_macro   0x00008c05      0x471 ./system/src/stm32f0-stdperiph/stm32f0xx_gpio.o
 .debug_macro   0x00009076      0x2a0 ./system/src/stm32f0-stdperiph/stm32f0xx_gpio.o
 .debug_macro   0x00009316       0x70 ./system/src/stm32f0-stdperiph/stm32f0xx_gpio.o
 .debug_macro   0x00009386       0xdf ./system/src/stm32f0-stdperiph/stm32f0xx_gpio.o
 .debug_macro   0x00009465      0x561 ./system/src/stm32f0-stdperiph/stm32f0xx_gpio.o
 .debug_macro   0x000099c6      0x4c5 ./system/src/stm32f0-stdperiph/stm32f0xx_gpio.o
 .debug_macro   0x00009e8b      0x396 ./system/src/stm32f0-stdperiph/stm32f0xx_gpio.o
 .debug_macro   0x0000a221      0x750 ./system/src/stm32f0-stdperiph/stm32f0xx_gpio.o
 .debug_macro   0x0000a971      0x356 ./system/src/stm32f0-stdperiph/stm32f0xx_gpio.o
 .debug_macro   0x0000acc7       0x34 ./system/src/stm32f0-stdperiph/stm32f0xx_gpio.o
 .debug_macro   0x0000acfb       0x3a ./system/src/stm32f0-stdperiph/stm32f0xx_gpio.o
 .debug_macro   0x0000ad35      0x17f ./system/src/stm32f0-stdperiph/stm32f0xx_gpio.o
 .debug_macro   0x0000aeb4      0x183 ./system/src/stm32f0-stdperiph/stm32f0xx_rcc.o
 .debug_macro   0x0000b037      0x185 ./system/src/stm32f0-stdperiph/stm32f0xx_rcc.o
 .debug_macro   0x0000b1bc      0x55b ./system/src/stm32f0-stdperiph/stm32f0xx_rcc.o
 .debug_macro   0x0000b717      0x19c ./system/src/newlib/_exit.o
 .debug_macro   0x0000b8b3       0x9c ./system/src/newlib/_exit.o
 .debug_macro   0x0000b94f      0x10e ./system/src/newlib/_exit.o
 .debug_macro   0x0000ba5d       0x8d ./system/src/newlib/_exit.o
 .debug_macro   0x0000baea       0x43 ./system/src/newlib/_exit.o
 .debug_macro   0x0000bb2d      0x30d ./system/src/newlib/_exit.o
 .debug_macro   0x0000be3a       0x35 ./system/src/newlib/_exit.o
 .debug_macro   0x0000be6f      0x151 ./system/src/newlib/_sbrk.o
 .debug_macro   0x0000bfc0      0x174 ./system/src/newlib/_sbrk.o
 .debug_macro   0x0000c134       0x10 ./system/src/newlib/_sbrk.o
 .debug_macro   0x0000c144      0x23b ./system/src/newlib/_sbrk.o
 .debug_macro   0x0000c37f      0x15b ./system/src/newlib/_startup.o
 .debug_macro   0x0000c4da      0x1ff ./system/src/newlib/_syscalls.o
 .debug_macro   0x0000c6d9       0x1c ./system/src/newlib/_syscalls.o
 .debug_macro   0x0000c6f5       0x10 ./system/src/newlib/_syscalls.o
 .debug_macro   0x0000c705       0x10 ./system/src/newlib/_syscalls.o
 .debug_macro   0x0000c715       0x10 ./system/src/newlib/_syscalls.o
 .debug_macro   0x0000c725       0x35 ./system/src/newlib/_syscalls.o
 .debug_macro   0x0000c75a      0x122 ./system/src/newlib/_syscalls.o
 .debug_macro   0x0000c87c       0x88 ./system/src/newlib/_syscalls.o
 .debug_macro   0x0000c904       0x2b ./system/src/newlib/_syscalls.o
 .debug_macro   0x0000c92f      0x118 ./system/src/newlib/_syscalls.o
 .debug_macro   0x0000ca47      0x159 ./system/src/newlib/_syscalls.o
 .debug_macro   0x0000cba0       0x16 ./system/src/newlib/_syscalls.o
 .debug_macro   0x0000cbb6      0x1b8 ./system/src/newlib/assert.o
 .debug_macro   0x0000cd6e       0x1c ./system/src/newlib/assert.o
 .debug_macro   0x0000cd8a      0x1d9 ./system/src/diag/Trace.o
 .debug_macro   0x0000cf63       0x16 ./system/src/diag/Trace.o
 .debug_macro   0x0000cf79       0x97 ./system/src/diag/Trace.o
 .debug_macro   0x0000d010       0xfd ./system/src/diag/Trace.o
 .debug_macro   0x0000d10d       0x10 ./system/src/diag/Trace.o
 .debug_macro   0x0000d11d       0x16 ./system/src/diag/Trace.o
 .debug_macro   0x0000d133      0x18b ./system/src/diag/Trace.o
 .debug_macro   0x0000d2be       0x4c ./system/src/diag/Trace.o
 .debug_macro   0x0000d30a       0x16 ./system/src/diag/Trace.o
 .debug_macro   0x0000d320      0x2bc ./system/src/diag/trace_impl.o
 .debug_macro   0x0000d5dc       0x10 ./system/src/diag/trace_impl.o
 .debug_macro   0x0000d5ec       0xcf ./system/src/diag/trace_impl.o
 .debug_macro   0x0000d6bb       0xbe ./system/src/diag/trace_impl.o
 .debug_macro   0x0000d779       0x22 ./system/src/diag/trace_impl.o
 .debug_macro   0x0000d79b      0x165 ./system/src/cortexm/_initialize_hardware.o
 .debug_macro   0x0000d900      0x2fc ./system/src/cortexm/exception_handlers.o
 .debug_macro   0x0000dbfc       0x3b ./system/src/cortexm/exception_handlers.o
 .debug_macro   0x0000dc37       0x10 ./system/src/cortexm/exception_handlers.o
 .debug_macro   0x0000dc47      0x15b ./system/src/cmsis/system_stm32f0xx.o
 .debug_macro   0x0000dda2       0x34 ./system/src/cmsis/vectors_stm32f0xx.o
 .debug_macro   0x0000ddd6      0x16a ./src/BlinkLed.o
 .debug_macro   0x0000df40       0x28 ./src/BlinkLed.o
 .debug_macro   0x0000df68      0x17e ./src/Timer.o
 .debug_macro   0x0000e0e6       0x10 ./src/Timer.o
 .debug_macro   0x0000e0f6      0x356 ./src/main.o
 .debug_macro   0x0000e44c       0x2e ./src/main.o
